3.141590
300000.000000
0.000030
-300000.000000
0.000000
30000.000000
330000.000000
0.000033
0.000000 
